// Jest Snapshot v1, https://goo.gl/fbAQLP

exports[`IndexPage renders IndexPage unchanged 1`] = `
<IndexPage
  isLoading={false}
>
  <Layout>
    <Head>
      <_default
        headManager={Object {}}
        inAmpMode={false}
        reduceComponentsToState={[Function]}
      />
    </Head>
    <header>
      <nav>
        <NavLink
          activeClassName="navItemActive"
          href="/"
        >
          <Link
            href="/"
          >
            <a
              href="/"
              onClick={[Function]}
              onMouseEnter={[Function]}
            >
              Home
            </a>
          </Link>
        </NavLink>
        <NavLink
          activeClassName="navItemActive"
          href="/things"
        >
          <Link
            href="/things"
          >
            <a
              href="/things"
              onClick={[Function]}
              onMouseEnter={[Function]}
            >
              Things
            </a>
          </Link>
        </NavLink>
      </nav>
    </header>
    <main>
      <p>
        Hi there ðŸ‘‹
      </p>
    </main>
  </Layout>
</IndexPage>
`;
